k1 maç 1 skor 2,2 1.3 dk
k1 maç 2 skor 4,0 3.2 dk
k1 maç 3 skor 2,2 4.4 dk
k1 maç 4 skor 2,4 5.7 dk
k1 maç 5 skor 2,3 6.9 dk
k1 maç 6 skor 3,1 8.2 dk
k1 maç 7 skor 0,0 11.0 dk
k1 maç 8 skor 0,1 12.6 dk
k1 maç 9 skor 4,2 13.9 dk
k1 maç 10 skor 3,3 15.1 dk
k1 maç 11 skor 4,2 16.4 dk
k1 maç 12 skor 1,2 17.4 dk
k1 maç 13 skor 3,2 18.7 dk
k1 maç 14 skor 1,2 19.8 dk
k1 maç 15 skor 3,1 21.0 dk
k1 maç 16 skor 1,3 22.0 dk
k1 maç 17 skor 2,3 23.2 dk
k1 maç 18 skor 2,3 24.3 dk
k1 maç 19 skor 2,1 25.4 dk
k1 maç 20 skor 3,3 26.6 dk
k1 maç 21 skor 3,4 27.7 dk
