k1 maç 1 skor 8,5 1.6 dk
k1 maç 2 skor 0,3 3.1 dk
k1 maç 3 skor 2,3 4.4 dk
k1 maç 4 skor 4,3 5.7 dk
k1 maç 5 skor 3,4 6.8 dk
k1 maç 6 skor 2,1 8.0 dk
k1 maç 7 skor 2,1 9.1 dk
k1 maç 8 skor 0,2 10.2 dk
k1 maç 9 skor 3,3 11.4 dk
k1 maç 10 skor 1,2 12.4 dk
k1 maç 11 skor 0,2 13.7 dk
k1 maç 12 skor 1,1 14.7 dk
k1 maç 13 skor 4,0 15.9 dk
k1 maç 14 skor 0,0 16.5 dk
k1 maç 15 skor 1,1 17.7 dk
k1 maç 16 skor 5,2 18.8 dk
k1 maç 17 skor 2,1 19.9 dk
k1 maç 18 skor 0,0 20.6 dk
k1 maç 19 skor 2,2 21.7 dk
k1 maç 20 skor 3,2 23.0 dk
k1 maç 21 skor 0,3 24.1 dk
k1 maç 22 skor 2,3 25.3 dk
k1 maç 23 skor 5,3 26.3 dk
k1 maç 24 skor 1,1 27.3 dk
k1 maç 25 skor 1,4 28.4 dk
k1 maç 26 skor 4,0 29.5 dk
k1 maç 27 skor 0,0 30.2 dk
k1 maç 28 skor 2,4 31.5 dk
k1 maç 29 skor 1,1 32.6 dk
k1 maç 30 skor 1,2 33.7 dk
k1 maç 31 skor 3,3 35.0 dk
k1 maç 32 skor 2,3 36.2 dk
k1 maç 33 skor 3,1 37.4 dk
k1 maç 34 skor 3,2 38.6 dk
k1 maç 35 skor 3,3 39.9 dk
k1 maç 36 skor 3,1 41.0 dk
k1 maç 37 skor 4,3 42.2 dk
k1 maç 38 skor 4,2 43.3 dk
k1 maç 39 skor 4,2 44.6 dk
k1 maç 40 skor 0,1 45.4 dk
k1 maç 41 skor 1,1 47.2 dk
k1 maç 42 skor 3,2 48.8 dk
k1 maç 43 skor 1,1 50.2 dk
k1 maç 44 skor 1,2 51.5 dk
k1 maç 45 skor 2,1 52.7 dk
k1 maç 46 skor 3,2 54.1 dk
k1 maç 47 skor 1,0 55.0 dk
k1 maç 48 skor 4,3 56.4 dk
k1 maç 49 skor 3,3 57.5 dk
k1 maç 50 skor 0,4 58.8 dk
